 Output file name (for plotting) [focmec.out]....:  Comment - up to 80 characters...................:  Input filespec..................................:  Input filespec..................................:    2021  4 5 1739  4.7 L  27.232  88.765  5.8  TES 15 1.2
 Correct file?...[Y].............................:  Input:   7 P    0 SV and    0 SH polarities and,   0 ratios
  Can have relative weighting for polarity errors
   for which weight = theor. rad. factor (0 to 1)
 Relative weighting?..[Y]........................:  Allowed P polarity errors..[0]..................:  Exit after this many acceptable sols...[100]....:  Minimum search value B trend..[0]...............:  Increment for B trend..[5 degree]...............:  Maximum B trend..[360-btdel]....................:  Minimum search value B plunge..[0]..............:  Increment for B plunge..[5 degree]..............:  Maximum B plunge..[90 degrees]..................:  "Angle" in vertical plane of B trend)
 Minimum search value Angle..[0].................:  Increment for Angle..[5 degree].................:  Maximum Angle..[180-aadel]......................:     Dip   Strike   Rake    Pol: P     SV    SH
 
   58.00    6.00   90.00       0.00  0.00  0.00
   58.00    8.00   90.00       0.00  0.00  0.00
   60.00    8.00   90.00       0.00  0.00  0.00
   62.00    8.00   90.00       0.00  0.00  0.00
   64.00    8.00   90.00       0.00  0.00  0.00
   58.00   10.00   90.00       0.00  0.00  0.00
   60.00   10.00   90.00       0.00  0.00  0.00
   62.00   10.00   90.00       0.00  0.00  0.00
   64.00   10.00   90.00       0.00  0.00  0.00
   66.00   10.00   90.00       0.00  0.00  0.00
   68.00   10.00   90.00       0.00  0.00  0.00
   70.00   10.00   90.00       0.00  0.00  0.00
   58.00   12.00   90.00       0.00  0.00  0.00
   60.00   12.00   90.00       0.00  0.00  0.00
   62.00   12.00   90.00       0.00  0.00  0.00
   64.00   12.00   90.00       0.00  0.00  0.00
   66.00   12.00   90.00       0.00  0.00  0.00
   68.00   12.00   90.00       0.00  0.00  0.00
   70.00   12.00   90.00       0.00  0.00  0.00
   72.00   12.00   90.00       0.00  0.00  0.00
   74.00   12.00   90.00       0.00  0.00  0.00
   76.00   12.00   90.00       0.00  0.00  0.00
   78.00   12.00   90.00       0.00  0.00  0.00
   58.00   14.00   90.00       0.00  0.00  0.00
   60.00   14.00   90.00       0.00  0.00  0.00
   62.00   14.00   90.00       0.00  0.00  0.00
   64.00   14.00   90.00       0.00  0.00  0.00
   66.00   14.00   90.00       0.00  0.00  0.00
   68.00   14.00   90.00       0.00  0.00  0.00
   70.00   14.00   90.00       0.00  0.00  0.00
   72.00   14.00   90.00       0.00  0.00  0.00
   74.00   14.00   90.00       0.00  0.00  0.00
   76.00   14.00   90.00       0.00  0.00  0.00
   78.00   14.00   90.00       0.00  0.00  0.00
   80.00   14.00   90.00       0.00  0.00  0.00
   82.00   14.00   90.00       0.00  0.00  0.00
   84.00   14.00   90.00       0.00  0.00  0.00
   86.00   14.00   90.00       0.00  0.00  0.00
   56.00   16.00   90.00       0.00  0.00  0.00
   58.00   16.00   90.00       0.00  0.00  0.00
   60.00   16.00   90.00       0.00  0.00  0.00
   62.00   16.00   90.00       0.00  0.00  0.00
   64.00   16.00   90.00       0.00  0.00  0.00
   66.00   16.00   90.00       0.00  0.00  0.00
   68.00   16.00   90.00       0.00  0.00  0.00
   70.00   16.00   90.00       0.00  0.00  0.00
   72.00   16.00   90.00       0.00  0.00  0.00
   74.00   16.00   90.00       0.00  0.00  0.00
   76.00   16.00   90.00       0.00  0.00  0.00
   78.00   16.00   90.00       0.00  0.00  0.00
   80.00   16.00   90.00       0.00  0.00  0.00
   82.00   16.00   90.00       0.00  0.00  0.00
   84.00   16.00   90.00       0.00  0.00  0.00
   86.00   16.00   90.00       0.00  0.00  0.00
   88.00   16.00   90.00       0.00  0.00  0.00
   90.00   16.00   90.00       0.00  0.00  0.00
   88.00  196.00  -90.00       0.00  0.00  0.00
   56.00   18.00   90.00       0.00  0.00  0.00
   58.00   18.00   90.00       0.00  0.00  0.00
   60.00   18.00   90.00       0.00  0.00  0.00
   62.00   18.00   90.00       0.00  0.00  0.00
   64.00   18.00   90.00       0.00  0.00  0.00
   66.00   18.00   90.00       0.00  0.00  0.00
   68.00   18.00   90.00       0.00  0.00  0.00
   70.00   18.00   90.00       0.00  0.00  0.00
   72.00   18.00   90.00       0.00  0.00  0.00
   74.00   18.00   90.00       0.00  0.00  0.00
   76.00   18.00   90.00       0.00  0.00  0.00
   78.00   18.00   90.00       0.00  0.00  0.00
   80.00   18.00   90.00       0.00  0.00  0.00
   82.00   18.00   90.00       0.00  0.00  0.00
   84.00   18.00   90.00       0.00  0.00  0.00
   86.00   18.00   90.00       0.00  0.00  0.00
   88.00   18.00   90.00       0.00  0.00  0.00
   90.00   18.00   90.00       0.00  0.00  0.00
   56.00   20.00   90.00       0.00  0.00  0.00
   58.00   20.00   90.00       0.00  0.00  0.00
   60.00   20.00   90.00       0.00  0.00  0.00
   62.00   20.00   90.00       0.00  0.00  0.00
   64.00   20.00   90.00       0.00  0.00  0.00
   66.00   20.00   90.00       0.00  0.00  0.00
   68.00   20.00   90.00       0.00  0.00  0.00
   70.00   20.00   90.00       0.00  0.00  0.00
   72.00   20.00   90.00       0.00  0.00  0.00
   74.00   20.00   90.00       0.00  0.00  0.00
   76.00   20.00   90.00       0.00  0.00  0.00
   78.00   20.00   90.00       0.00  0.00  0.00
   80.00   20.00   90.00       0.00  0.00  0.00
   82.00   20.00   90.00       0.00  0.00  0.00
   84.00   20.00   90.00       0.00  0.00  0.00
   86.00   20.00   90.00       0.00  0.00  0.00
   56.00   22.00   90.00       0.00  0.00  0.00
   58.00   22.00   90.00       0.00  0.00  0.00
   60.00   22.00   90.00       0.00  0.00  0.00
   62.00   22.00   90.00       0.00  0.00  0.00
   64.00   22.00   90.00       0.00  0.00  0.00
   66.00   22.00   90.00       0.00  0.00  0.00
   68.00   22.00   90.00       0.00  0.00  0.00
   70.00   22.00   90.00       0.00  0.00  0.00
   72.00   22.00   90.00       0.00  0.00  0.00
 Reached chosen maximum of  100 solutions

 There are 100 acceptable solutions
