 2021  4 5 1739  4.7 L  27.232  88.765  5.8  TES 15 1.2                        1
 GAP=194        3.23       3.1     6.1  4.5 -0.5995E+01  0.6273E+00  0.9962E+00E
 ACTION:REG 25-09-18 15:14 OP:INSK STATUS:               ID:20210405173724     I
 2021-04-05-1737-24M.INSK__045                                                 6
 STAT SP IPHASW D HRMM SECON CODA AMPLIT PERI AZIMU VELO AIN AR TRES W  DIS CAZ7
 SK14 BZ IP       1739  7.91                             122   -0.0510 15.1   1 
 SK14 BN IS       1739 11.76                             122    1.6110 15.1   1 
 SK14 BE IS     C 1739 11.91                             122    1.7610 15.1   1 
 SK07 BZ IP       1739  7.36                             111   -0.6410 17.0 248 
 SK07 BN IS     C 1739 10.66                             111    0.4510 17.0 248 
 SK07 BE IS     C 1739 10.71                             111    0.5010 17.0 248 
 SK02 BZ IP     C 1739 10.69                             105    1.3810 24.5 195 
 SK02 BE IS     D 1739 11.03                             105   -1.3810 24.5 195 
 SK02 BN IS       1739 11.07                             105   -1.3410 24.5 195 
 SK06 BZ IP       1739  9.12                             103   -1.4710 31.5 236 
 SK06 BE IS       1739 13.90                             103   -0.6310 31.5 236 
 SK06 BN IS       1739 13.92                             103   -0.6110 31.5 236 
 SK16 BZ IP       1739 10.69                             101   -0.7910 36.6 338 
 SK16 BN IS       1739 16.50                             101    0.4810 36.6 338 
 SK16 BE IS     C 1739 16.51                             101    0.4910 36.6 338 
 SK11 BZ IP       1739 11.66                             100   -1.0610 43.5 291 
 SK11 BN IS     C 1739 19.22                             100    1.1210 43.5 291 
 SK11 BE IS     C 1739 19.22                             100    1.1210 43.5 291 
 SK08 BZ IP     D 1739 11.63                              98   -1.2210 44.4 266 
 SK08 BE IS       1739 18.59                              98    0.2810 44.4 266 
 SK08 BN IS     C 1739 18.78                              98    0.4710 44.4 266 
 SK18 BZ EP     D 1739 12.63                              98   -0.7910 47.5 319 
 SK18 BN IS     C 1739 19.07                              98   -0.1910 47.5 319 
 SK18 BE IS       1739 19.27                              98    0.0110 47.5 319 
 SK03 BZ IP     C 1739 11.19                              58   -2.2910 48.0 198 
 SK03 BN IS     C 1739 22.50                              58    3.1410 48.0 198 
 SK03 BE IS     C 1739 23.31                              58    3.9510 48.0 198 
 SK05 BZ IP     C 1739 12.81                              58   -1.52 0 52.6 248 
 SK05 BE IS       1739 20.25                              58   -0.5310 52.6 248 
 SK05 BN IS       1739 20.30                              58   -0.4810 52.6 248 
 SK22 BZ EP       1739 15.44                              58   -0.7810 63.7 354 
 SK22 BE IS       1739 23.76                              58   -0.1810 63.7 354 
 SK22 BN IS     C 1739 23.76                              58   -0.1810 63.7 354 
 SK17 BZ IP     C 1739 16.93                              58    0.2010 67.8 262 
 SK17 BE IS     C 1739 25.21                              58    0.4110 67.8 262 
 SK17 BN IS     C 1739 25.58                              58    0.7810 67.8 262 
 SK10 BZ IP       1739 16.03                              58   -0.7510 68.4 272 
 SK10 BE IS       1739 25.23                              58    0.3610 68.4 272 
 SK10 BN IS       1739 25.39                              58    0.5210 68.4 272 
 SK04 BZ IP     C 1739 23.26                              58    6.28 0 69.7 247 
 SK04 BE IS       1739 24.45                              58   -0.7710 69.7 247 
 SK04 BN IS       1739 24.55                              58   -0.6710 69.7 247 
 SK20 BZ IP       1739 16.14                              58   -1.2910 71.6 343 
 SK20 BE IS     C 1739 25.16                              58   -0.8010 71.6 343 
 SK20 BN IS     C 1739 25.79                              58   -0.1710 71.6 343 
                                                                                
