  Mon Nov 10 08:56:11 2025 for program Focmec
 -----
 Input from a file focmec.dat
   2021  4 5 1715 32.8 L  27.173  88.864 16.6  TES 16 0.5

 Statn  Azimuth    TOA   Key  Log10 Ratio  NumPol  DenTOA  Comment
  SK02   224.0    119.0   C                                       IP
  SK14   337.0    124.0   C                                       IP
  SK07   271.0    116.0   C                                       IP
  SK01   173.0    108.0   C                                       IP
  SK03   212.0    102.0   C                                       IP
  SK16   330.0    102.0   C                                       IP
  SK08   273.0    100.0   C                                       IP
  SK11   294.0    100.0   C                                       IP
  SK18   316.0     99.0   C                                       IP
  SK05   257.0     99.0   C                                       IP
  SK22   347.0     97.0   C                                       IP
  SK04   255.0     96.0   C                                       IP
  SK17   268.0     97.0   C                                       IP
  SK10   277.0     96.0   C                                       IP
  SK20   338.0     96.0   C                                       IP
 Polarities/Errors:  P 015/01  SV 000/00  SH 000/00
 There are no amplitude ratio data
 The minimum, increment and maximum B axis trend:     0.00    1.00  359.00
 The limits for the B axis plunge:     0.00    1.00   90.00
 The limits for Angle:     0.00    1.00  179.00
 ++++++++++++++++++++++++++++++++++++++++++++++++++++++++++++++++++++++++++++

     Dip,Strike,Rake      0.00   270.00     0.00
     Dip,Strike,Rake     90.00   180.00    90.00   Auxiliary Plane
     Lower Hem. Trend, Plunge of A,N    270.00     0.00   180.00    90.00
     Lower Hem. Trend, Plunge of P,T    270.00    45.00    90.00    45.00
     B trend, B plunge, Angle:    0.00   0.00   0.00

 P Polarity error at  SK01
 P Polarity weights:  1.00
  Total P polarity weight is  1.000  Total number:   1
++++++++++++++++++++++++++++++++++++++++++++++++++++++++++++++++++++++++++++++++

     Dip,Strike,Rake      1.00    -0.00    90.00
     Dip,Strike,Rake     89.00   180.00    90.00   Auxiliary Plane
     Lower Hem. Trend, Plunge of A,N     90.00     1.00   270.00    89.00
     Lower Hem. Trend, Plunge of P,T    270.00    44.00    90.00    46.00
     B trend, B plunge, Angle:    0.00   0.00   1.00

 P Polarity error at  SK01
 P Polarity weights:  1.00
  Total P polarity weight is  1.000  Total number:   1
++++++++++++++++++++++++++++++++++++++++++++++++++++++++++++++++++++++++++++++++

     Dip,Strike,Rake      2.00    -0.00    90.00
     Dip,Strike,Rake     88.00   180.00    90.00   Auxiliary Plane
     Lower Hem. Trend, Plunge of A,N     90.00     2.00   270.00    88.00
     Lower Hem. Trend, Plunge of P,T    270.00    43.00    90.00    47.00
     B trend, B plunge, Angle:    0.00   0.00   2.00

 P Polarity error at  SK01
 P Polarity weights:  1.00
  Total P polarity weight is  1.000  Total number:   1
++++++++++++++++++++++++++++++++++++++++++++++++++++++++++++++++++++++++++++++++

     Dip,Strike,Rake      3.00    -0.00    90.00
     Dip,Strike,Rake     87.00   180.00    90.00   Auxiliary Plane
     Lower Hem. Trend, Plunge of A,N     90.00     3.00   270.00    87.00
     Lower Hem. Trend, Plunge of P,T    270.00    42.00    90.00    48.00
     B trend, B plunge, Angle:    0.00   0.00   3.00

 P Polarity error at  SK01
 P Polarity weights:  1.00
  Total P polarity weight is  1.000  Total number:   1
++++++++++++++++++++++++++++++++++++++++++++++++++++++++++++++++++++++++++++++++

     Dip,Strike,Rake      4.00    -0.00    90.00
     Dip,Strike,Rake     86.00   180.00    90.00   Auxiliary Plane
     Lower Hem. Trend, Plunge of A,N     90.00     4.00   270.00    86.00
     Lower Hem. Trend, Plunge of P,T    270.00    41.00    90.00    49.00
     B trend, B plunge, Angle:    0.00   0.00   4.00

 P Polarity error at  SK01
 P Polarity weights:  1.00
  Total P polarity weight is  1.000  Total number:   1
++++++++++++++++++++++++++++++++++++++++++++++++++++++++++++++++++++++++++++++++

     Dip,Strike,Rake      5.00    -0.00    90.00
     Dip,Strike,Rake     85.00   180.00    90.00   Auxiliary Plane
     Lower Hem. Trend, Plunge of A,N     90.00     5.00   270.00    85.00
     Lower Hem. Trend, Plunge of P,T    270.00    40.00    90.00    50.00
     B trend, B plunge, Angle:    0.00   0.00   5.00

 P Polarity error at  SK01
 P Polarity weights:  1.00
  Total P polarity weight is  1.000  Total number:   1
++++++++++++++++++++++++++++++++++++++++++++++++++++++++++++++++++++++++++++++++

     Dip,Strike,Rake      6.00    -0.00    90.00
     Dip,Strike,Rake     84.00   180.00    90.00   Auxiliary Plane
     Lower Hem. Trend, Plunge of A,N     90.00     6.00   270.00    84.00
     Lower Hem. Trend, Plunge of P,T    270.00    39.00    90.00    51.00
     B trend, B plunge, Angle:    0.00   0.00   6.00

 P Polarity error at  SK01
 P Polarity weights:  1.00
  Total P polarity weight is  1.000  Total number:   1
++++++++++++++++++++++++++++++++++++++++++++++++++++++++++++++++++++++++++++++++

     Dip,Strike,Rake     30.00   180.00   -90.00
     Dip,Strike,Rake     60.00    -0.00   -90.00   Auxiliary Plane
     Lower Hem. Trend, Plunge of A,N    270.00    30.00    90.00    60.00
     Lower Hem. Trend, Plunge of P,T    270.00    75.00    90.00    15.00
     B trend, B plunge, Angle:    0.00   0.00 150.00

 P Polarity error at  SK01
 P Polarity weights:  1.00
  Total P polarity weight is  1.000  Total number:   1
++++++++++++++++++++++++++++++++++++++++++++++++++++++++++++++++++++++++++++++++

     Dip,Strike,Rake     29.00   180.00   -90.00
     Dip,Strike,Rake     61.00    -0.00   -90.00   Auxiliary Plane
     Lower Hem. Trend, Plunge of A,N    270.00    29.00    90.00    61.00
     Lower Hem. Trend, Plunge of P,T    270.00    74.00    90.00    16.00
     B trend, B plunge, Angle:    0.00   0.00 151.00

 P Polarity error at  SK01
 P Polarity weights:  1.00
  Total P polarity weight is  1.000  Total number:   1
++++++++++++++++++++++++++++++++++++++++++++++++++++++++++++++++++++++++++++++++

     Dip,Strike,Rake     28.00   180.00   -90.00
     Dip,Strike,Rake     62.00    -0.00   -90.00   Auxiliary Plane
     Lower Hem. Trend, Plunge of A,N    270.00    28.00    90.00    62.00
     Lower Hem. Trend, Plunge of P,T    270.00    73.00    90.00    17.00
     B trend, B plunge, Angle:    0.00   0.00 152.00

 P Polarity error at  SK01
 P Polarity weights:  1.00
  Total P polarity weight is  1.000  Total number:   1
++++++++++++++++++++++++++++++++++++++++++++++++++++++++++++++++++++++++++++++++

     Dip,Strike,Rake     27.00   180.00   -90.00
     Dip,Strike,Rake     63.00    -0.00   -90.00   Auxiliary Plane
     Lower Hem. Trend, Plunge of A,N    270.00    27.00    90.00    63.00
     Lower Hem. Trend, Plunge of P,T    270.00    72.00    90.00    18.00
     B trend, B plunge, Angle:    0.00   0.00 153.00

 P Polarity error at  SK01
 P Polarity weights:  1.00
  Total P polarity weight is  1.000  Total number:   1
++++++++++++++++++++++++++++++++++++++++++++++++++++++++++++++++++++++++++++++++

     Dip,Strike,Rake     26.00   180.00   -90.00
     Dip,Strike,Rake     64.00    -0.00   -90.00   Auxiliary Plane
     Lower Hem. Trend, Plunge of A,N    270.00    26.00    90.00    64.00
     Lower Hem. Trend, Plunge of P,T    270.00    71.00    90.00    19.00
     B trend, B plunge, Angle:    0.00   0.00 154.00

 P Polarity error at  SK01
 P Polarity weights:  1.00
  Total P polarity weight is  1.000  Total number:   1
++++++++++++++++++++++++++++++++++++++++++++++++++++++++++++++++++++++++++++++++

     Dip,Strike,Rake     25.00   180.00   -90.00
     Dip,Strike,Rake     65.00    -0.00   -90.00   Auxiliary Plane
     Lower Hem. Trend, Plunge of A,N    270.00    25.00    90.00    65.00
     Lower Hem. Trend, Plunge of P,T    270.00    70.00    90.00    20.00
     B trend, B plunge, Angle:    0.00   0.00 155.00

 P Polarity error at  SK01
 P Polarity weights:  1.00
  Total P polarity weight is  1.000  Total number:   1
++++++++++++++++++++++++++++++++++++++++++++++++++++++++++++++++++++++++++++++++

     Dip,Strike,Rake     24.00   180.00   -90.00
     Dip,Strike,Rake     66.00    -0.00   -90.00   Auxiliary Plane
     Lower Hem. Trend, Plunge of A,N    270.00    24.00    90.00    66.00
     Lower Hem. Trend, Plunge of P,T    270.00    69.00    90.00    21.00
     B trend, B plunge, Angle:    0.00   0.00 156.00

 P Polarity error at  SK01
 P Polarity weights:  1.00
  Total P polarity weight is  1.000  Total number:   1
++++++++++++++++++++++++++++++++++++++++++++++++++++++++++++++++++++++++++++++++

     Dip,Strike,Rake     23.00   180.00   -90.00
     Dip,Strike,Rake     67.00    -0.00   -90.00   Auxiliary Plane
     Lower Hem. Trend, Plunge of A,N    270.00    23.00    90.00    67.00
     Lower Hem. Trend, Plunge of P,T    270.00    68.00    90.00    22.00
     B trend, B plunge, Angle:    0.00   0.00 157.00

 P Polarity error at  SK01
 P Polarity weights:  1.00
  Total P polarity weight is  1.000  Total number:   1
++++++++++++++++++++++++++++++++++++++++++++++++++++++++++++++++++++++++++++++++

     Dip,Strike,Rake     22.00   180.00   -90.00
     Dip,Strike,Rake     68.00    -0.00   -90.00   Auxiliary Plane
     Lower Hem. Trend, Plunge of A,N    270.00    22.00    90.00    68.00
     Lower Hem. Trend, Plunge of P,T    270.00    67.00    90.00    23.00
     B trend, B plunge, Angle:    0.00   0.00 158.00

 P Polarity error at  SK01
 P Polarity weights:  1.00
  Total P polarity weight is  1.000  Total number:   1
++++++++++++++++++++++++++++++++++++++++++++++++++++++++++++++++++++++++++++++++

     Dip,Strike,Rake     21.00   180.00   -90.00
     Dip,Strike,Rake     69.00    -0.00   -90.00   Auxiliary Plane
     Lower Hem. Trend, Plunge of A,N    270.00    21.00    90.00    69.00
     Lower Hem. Trend, Plunge of P,T    270.00    66.00    90.00    24.00
     B trend, B plunge, Angle:    0.00   0.00 159.00

 P Polarity error at  SK01
 P Polarity weights:  1.00
  Total P polarity weight is  1.000  Total number:   1
++++++++++++++++++++++++++++++++++++++++++++++++++++++++++++++++++++++++++++++++

     Dip,Strike,Rake     20.00   180.00   -90.00
     Dip,Strike,Rake     70.00    -0.00   -90.00   Auxiliary Plane
     Lower Hem. Trend, Plunge of A,N    270.00    20.00    90.00    70.00
     Lower Hem. Trend, Plunge of P,T    270.00    65.00    90.00    25.00
     B trend, B plunge, Angle:    0.00   0.00 160.00

 P Polarity error at  SK01
 P Polarity weights:  1.00
  Total P polarity weight is  1.000  Total number:   1
++++++++++++++++++++++++++++++++++++++++++++++++++++++++++++++++++++++++++++++++

     Dip,Strike,Rake     19.00   180.00   -90.00
     Dip,Strike,Rake     71.00    -0.00   -90.00   Auxiliary Plane
     Lower Hem. Trend, Plunge of A,N    270.00    19.00    90.00    71.00
     Lower Hem. Trend, Plunge of P,T    270.00    64.00    90.00    26.00
     B trend, B plunge, Angle:    0.00   0.00 161.00

 P Polarity error at  SK01
 P Polarity weights:  1.00
  Total P polarity weight is  1.000  Total number:   1
++++++++++++++++++++++++++++++++++++++++++++++++++++++++++++++++++++++++++++++++

     Dip,Strike,Rake     18.00   180.00   -90.00
     Dip,Strike,Rake     72.00    -0.00   -90.00   Auxiliary Plane
     Lower Hem. Trend, Plunge of A,N    270.00    18.00    90.00    72.00
     Lower Hem. Trend, Plunge of P,T    270.00    63.00    90.00    27.00
     B trend, B plunge, Angle:    0.00   0.00 162.00

 P Polarity error at  SK01
 P Polarity weights:  1.00
  Total P polarity weight is  1.000  Total number:   1
++++++++++++++++++++++++++++++++++++++++++++++++++++++++++++++++++++++++++++++++

     Dip,Strike,Rake     17.00   180.00   -90.00
     Dip,Strike,Rake     73.00    -0.00   -90.00   Auxiliary Plane
     Lower Hem. Trend, Plunge of A,N    270.00    17.00    90.00    73.00
     Lower Hem. Trend, Plunge of P,T    270.00    62.00    90.00    28.00
     B trend, B plunge, Angle:    0.00   0.00 163.00

 P Polarity error at  SK01
 P Polarity weights:  1.00
  Total P polarity weight is  1.000  Total number:   1
++++++++++++++++++++++++++++++++++++++++++++++++++++++++++++++++++++++++++++++++

     Dip,Strike,Rake     16.00   180.00   -90.00
     Dip,Strike,Rake     74.00    -0.00   -90.00   Auxiliary Plane
     Lower Hem. Trend, Plunge of A,N    270.00    16.00    90.00    74.00
     Lower Hem. Trend, Plunge of P,T    270.00    61.00    90.00    29.00
     B trend, B plunge, Angle:    0.00   0.00 164.00

 P Polarity error at  SK01
 P Polarity weights:  1.00
  Total P polarity weight is  1.000  Total number:   1
++++++++++++++++++++++++++++++++++++++++++++++++++++++++++++++++++++++++++++++++

     Dip,Strike,Rake     15.00   180.00   -90.00
     Dip,Strike,Rake     75.00    -0.00   -90.00   Auxiliary Plane
     Lower Hem. Trend, Plunge of A,N    270.00    15.00    90.00    75.00
     Lower Hem. Trend, Plunge of P,T    270.00    60.00     0.00    90.00
     B trend, B plunge, Angle:    0.00   0.00 165.00

 P Polarity error at  SK01
 P Polarity weights:  1.00
  Total P polarity weight is  1.000  Total number:   1
++++++++++++++++++++++++++++++++++++++++++++++++++++++++++++++++++++++++++++++++

     Dip,Strike,Rake     14.00   180.00   -90.00
     Dip,Strike,Rake     76.00    -0.00   -90.00   Auxiliary Plane
     Lower Hem. Trend, Plunge of A,N    270.00    14.00    90.00    76.00
     Lower Hem. Trend, Plunge of P,T    270.00    59.00    90.00    31.00
     B trend, B plunge, Angle:    0.00   0.00 166.00

 P Polarity error at  SK01
 P Polarity weights:  1.00
  Total P polarity weight is  1.000  Total number:   1
++++++++++++++++++++++++++++++++++++++++++++++++++++++++++++++++++++++++++++++++

     Dip,Strike,Rake     13.00   180.00   -90.00
     Dip,Strike,Rake     77.00    -0.00   -90.00   Auxiliary Plane
     Lower Hem. Trend, Plunge of A,N    270.00    13.00    90.00    77.00
     Lower Hem. Trend, Plunge of P,T    270.00    58.00    90.00    32.00
     B trend, B plunge, Angle:    0.00   0.00 167.00

 P Polarity error at  SK01
 P Polarity weights:  1.00
  Total P polarity weight is  1.000  Total number:   1
++++++++++++++++++++++++++++++++++++++++++++++++++++++++++++++++++++++++++++++++

     Dip,Strike,Rake     12.00   180.00   -90.00
     Dip,Strike,Rake     78.00    -0.00   -90.00   Auxiliary Plane
     Lower Hem. Trend, Plunge of A,N    270.00    12.00    90.00    78.00
     Lower Hem. Trend, Plunge of P,T    270.00    57.00    90.00    33.00
     B trend, B plunge, Angle:    0.00   0.00 168.00

 P Polarity error at  SK01
 P Polarity weights:  1.00
  Total P polarity weight is  1.000  Total number:   1
++++++++++++++++++++++++++++++++++++++++++++++++++++++++++++++++++++++++++++++++

     Dip,Strike,Rake     11.00   180.00   -90.00
     Dip,Strike,Rake     79.00    -0.00   -90.00   Auxiliary Plane
     Lower Hem. Trend, Plunge of A,N    270.00    11.00    90.00    79.00
     Lower Hem. Trend, Plunge of P,T    270.00    56.00    90.00    34.00
     B trend, B plunge, Angle:    0.00   0.00 169.00

 P Polarity error at  SK01
 P Polarity weights:  1.00
  Total P polarity weight is  1.000  Total number:   1
++++++++++++++++++++++++++++++++++++++++++++++++++++++++++++++++++++++++++++++++

     Dip,Strike,Rake     10.00   180.00   -90.00
     Dip,Strike,Rake     80.00    -0.00   -90.00   Auxiliary Plane
     Lower Hem. Trend, Plunge of A,N    270.00    10.00    90.00    80.00
     Lower Hem. Trend, Plunge of P,T    270.00    55.00    90.00    35.00
     B trend, B plunge, Angle:    0.00   0.00 170.00

 P Polarity error at  SK01
 P Polarity weights:  1.00
  Total P polarity weight is  1.000  Total number:   1
++++++++++++++++++++++++++++++++++++++++++++++++++++++++++++++++++++++++++++++++

     Dip,Strike,Rake      9.00   180.00   -90.00
     Dip,Strike,Rake     81.00    -0.00   -90.00   Auxiliary Plane
     Lower Hem. Trend, Plunge of A,N    270.00     9.00    90.00    81.00
     Lower Hem. Trend, Plunge of P,T    270.00    54.00    90.00    36.00
     B trend, B plunge, Angle:    0.00   0.00 171.00

 P Polarity error at  SK01
 P Polarity weights:  1.00
  Total P polarity weight is  1.000  Total number:   1
++++++++++++++++++++++++++++++++++++++++++++++++++++++++++++++++++++++++++++++++

     Dip,Strike,Rake      8.00   180.00   -90.00
     Dip,Strike,Rake     82.00    -0.00   -90.00   Auxiliary Plane
     Lower Hem. Trend, Plunge of A,N    270.00     8.00    90.00    82.00
     Lower Hem. Trend, Plunge of P,T    270.00    53.00    90.00    37.00
     B trend, B plunge, Angle:    0.00   0.00 172.00

 P Polarity error at  SK01
 P Polarity weights:  1.00
  Total P polarity weight is  1.000  Total number:   1
++++++++++++++++++++++++++++++++++++++++++++++++++++++++++++++++++++++++++++++++

     Dip,Strike,Rake      7.00   180.00   -90.00
     Dip,Strike,Rake     83.00    -0.00   -90.00   Auxiliary Plane
     Lower Hem. Trend, Plunge of A,N    270.00     7.00    90.00    83.00
     Lower Hem. Trend, Plunge of P,T    270.00    52.00    90.00    38.00
     B trend, B plunge, Angle:    0.00   0.00 173.00

 P Polarity error at  SK01
 P Polarity weights:  1.00
  Total P polarity weight is  1.000  Total number:   1
++++++++++++++++++++++++++++++++++++++++++++++++++++++++++++++++++++++++++++++++

     Dip,Strike,Rake      6.00   180.00   -90.00
     Dip,Strike,Rake     84.00    -0.00   -90.00   Auxiliary Plane
     Lower Hem. Trend, Plunge of A,N    270.00     6.00    90.00    84.00
     Lower Hem. Trend, Plunge of P,T    270.00    51.00    90.00    39.00
     B trend, B plunge, Angle:    0.00   0.00 174.00

 P Polarity error at  SK01
 P Polarity weights:  1.00
  Total P polarity weight is  1.000  Total number:   1
++++++++++++++++++++++++++++++++++++++++++++++++++++++++++++++++++++++++++++++++

     Dip,Strike,Rake      5.00   180.00   -90.00
     Dip,Strike,Rake     85.00    -0.00   -90.00   Auxiliary Plane
     Lower Hem. Trend, Plunge of A,N    270.00     5.00    90.00    85.00
     Lower Hem. Trend, Plunge of P,T    270.00    50.00    90.00    40.00
     B trend, B plunge, Angle:    0.00   0.00 175.00

 P Polarity error at  SK01
 P Polarity weights:  1.00
  Total P polarity weight is  1.000  Total number:   1
++++++++++++++++++++++++++++++++++++++++++++++++++++++++++++++++++++++++++++++++

     Dip,Strike,Rake      4.00   180.00   -90.00
     Dip,Strike,Rake     86.00    -0.00   -90.00   Auxiliary Plane
     Lower Hem. Trend, Plunge of A,N    270.00     4.00    90.00    86.00
     Lower Hem. Trend, Plunge of P,T    270.00    49.00    90.00    41.00
     B trend, B plunge, Angle:    0.00   0.00 176.00

 P Polarity error at  SK01
 P Polarity weights:  1.00
  Total P polarity weight is  1.000  Total number:   1
++++++++++++++++++++++++++++++++++++++++++++++++++++++++++++++++++++++++++++++++

     Dip,Strike,Rake      3.00   180.00   -90.00
     Dip,Strike,Rake     87.00    -0.00   -90.00   Auxiliary Plane
     Lower Hem. Trend, Plunge of A,N    270.00     3.00    90.00    87.00
     Lower Hem. Trend, Plunge of P,T    270.00    48.00    90.00    42.00
     B trend, B plunge, Angle:    0.00   0.00 177.00

 P Polarity error at  SK01
 P Polarity weights:  1.00
  Total P polarity weight is  1.000  Total number:   1
++++++++++++++++++++++++++++++++++++++++++++++++++++++++++++++++++++++++++++++++

     Dip,Strike,Rake      2.00   180.00   -90.00
     Dip,Strike,Rake     88.00    -0.00   -90.00   Auxiliary Plane
     Lower Hem. Trend, Plunge of A,N    270.00     2.00    90.00    88.00
     Lower Hem. Trend, Plunge of P,T    270.00    47.00    90.00    43.00
     B trend, B plunge, Angle:    0.00   0.00 178.00

 P Polarity error at  SK01
 P Polarity weights:  1.00
  Total P polarity weight is  1.000  Total number:   1
++++++++++++++++++++++++++++++++++++++++++++++++++++++++++++++++++++++++++++++++

     Dip,Strike,Rake      1.00   180.00   -90.00
     Dip,Strike,Rake     89.00    -0.00   -90.00   Auxiliary Plane
     Lower Hem. Trend, Plunge of A,N    270.00     1.00    90.00    89.00
     Lower Hem. Trend, Plunge of P,T    270.00    46.00    90.00    44.00
     B trend, B plunge, Angle:    0.00   0.00 179.00

 P Polarity error at  SK01
 P Polarity weights:  1.00
  Total P polarity weight is  1.000  Total number:   1
++++++++++++++++++++++++++++++++++++++++++++++++++++++++++++++++++++++++++++++++

     Dip,Strike,Rake      0.00   271.00    -0.00
     Dip,Strike,Rake     90.00   181.00    90.00   Auxiliary Plane
     Lower Hem. Trend, Plunge of A,N    271.00     0.00   180.00    90.00
     Lower Hem. Trend, Plunge of P,T    271.00    45.00    91.00    45.00
     B trend, B plunge, Angle:    1.00   0.00   0.00

 P Polarity error at  SK01
 P Polarity weights:  1.00
  Total P polarity weight is  1.000  Total number:   1
++++++++++++++++++++++++++++++++++++++++++++++++++++++++++++++++++++++++++++++++

     Dip,Strike,Rake      1.00     1.00    90.00
     Dip,Strike,Rake     89.00   181.00    90.00   Auxiliary Plane
     Lower Hem. Trend, Plunge of A,N     91.00     1.00   271.00    89.00
     Lower Hem. Trend, Plunge of P,T    271.00    44.00    91.00    46.00
     B trend, B plunge, Angle:    1.00   0.00   1.00

 P Polarity error at  SK01
 P Polarity weights:  1.00
  Total P polarity weight is  1.000  Total number:   1
++++++++++++++++++++++++++++++++++++++++++++++++++++++++++++++++++++++++++++++++

     Dip,Strike,Rake      2.00     1.00    90.00
     Dip,Strike,Rake     88.00   181.00    90.00   Auxiliary Plane
     Lower Hem. Trend, Plunge of A,N     91.00     2.00   271.00    88.00
     Lower Hem. Trend, Plunge of P,T    271.00    43.00    91.00    47.00
     B trend, B plunge, Angle:    1.00   0.00   2.00

 P Polarity error at  SK01
 P Polarity weights:  1.00
  Total P polarity weight is  1.000  Total number:   1
++++++++++++++++++++++++++++++++++++++++++++++++++++++++++++++++++++++++++++++++

     Dip,Strike,Rake      3.00     1.00    90.00
     Dip,Strike,Rake     87.00   181.00    90.00   Auxiliary Plane
     Lower Hem. Trend, Plunge of A,N     91.00     3.00   271.00    87.00
     Lower Hem. Trend, Plunge of P,T    271.00    42.00    91.00    48.00
     B trend, B plunge, Angle:    1.00   0.00   3.00

 P Polarity error at  SK01
 P Polarity weights:  1.00
  Total P polarity weight is  1.000  Total number:   1
++++++++++++++++++++++++++++++++++++++++++++++++++++++++++++++++++++++++++++++++

     Dip,Strike,Rake      4.00     1.00    90.00
     Dip,Strike,Rake     86.00   181.00    90.00   Auxiliary Plane
     Lower Hem. Trend, Plunge of A,N     91.00     4.00   271.00    86.00
     Lower Hem. Trend, Plunge of P,T    271.00    41.00    91.00    49.00
     B trend, B plunge, Angle:    1.00   0.00   4.00

 P Polarity error at  SK01
 P Polarity weights:  1.00
  Total P polarity weight is  1.000  Total number:   1
++++++++++++++++++++++++++++++++++++++++++++++++++++++++++++++++++++++++++++++++

     Dip,Strike,Rake      5.00     1.00    90.00
     Dip,Strike,Rake     85.00   181.00    90.00   Auxiliary Plane
     Lower Hem. Trend, Plunge of A,N     91.00     5.00   271.00    85.00
     Lower Hem. Trend, Plunge of P,T    271.00    40.00    91.00    50.00
     B trend, B plunge, Angle:    1.00   0.00   5.00

 P Polarity error at  SK01
 P Polarity weights:  1.00
  Total P polarity weight is  1.000  Total number:   1
++++++++++++++++++++++++++++++++++++++++++++++++++++++++++++++++++++++++++++++++

     Dip,Strike,Rake      6.00     1.00    90.00
     Dip,Strike,Rake     84.00   181.00    90.00   Auxiliary Plane
     Lower Hem. Trend, Plunge of A,N     91.00     6.00   271.00    84.00
     Lower Hem. Trend, Plunge of P,T    271.00    39.00    91.00    51.00
     B trend, B plunge, Angle:    1.00   0.00   6.00

 P Polarity error at  SK01
 P Polarity weights:  1.00
  Total P polarity weight is  1.000  Total number:   1
++++++++++++++++++++++++++++++++++++++++++++++++++++++++++++++++++++++++++++++++

     Dip,Strike,Rake     31.00   181.00   -90.00
     Dip,Strike,Rake     59.00     1.00   -90.00   Auxiliary Plane
     Lower Hem. Trend, Plunge of A,N    271.00    31.00    91.00    59.00
     Lower Hem. Trend, Plunge of P,T    271.00    76.00    91.00    14.00
     B trend, B plunge, Angle:    1.00   0.00 149.00

 P Polarity error at  SK01
 P Polarity weights:  1.00
  Total P polarity weight is  1.000  Total number:   1
++++++++++++++++++++++++++++++++++++++++++++++++++++++++++++++++++++++++++++++++

     Dip,Strike,Rake     30.00   181.00   -90.00
     Dip,Strike,Rake     60.00     1.00   -90.00   Auxiliary Plane
     Lower Hem. Trend, Plunge of A,N    271.00    30.00    91.00    60.00
     Lower Hem. Trend, Plunge of P,T    271.00    75.00    91.00    15.00
     B trend, B plunge, Angle:    1.00   0.00 150.00

 P Polarity error at  SK01
 P Polarity weights:  1.00
  Total P polarity weight is  1.000  Total number:   1
++++++++++++++++++++++++++++++++++++++++++++++++++++++++++++++++++++++++++++++++

     Dip,Strike,Rake     29.00   181.00   -90.00
     Dip,Strike,Rake     61.00     1.00   -90.00   Auxiliary Plane
     Lower Hem. Trend, Plunge of A,N    271.00    29.00    91.00    61.00
     Lower Hem. Trend, Plunge of P,T    271.00    74.00    91.00    16.00
     B trend, B plunge, Angle:    1.00   0.00 151.00

 P Polarity error at  SK01
 P Polarity weights:  1.00
  Total P polarity weight is  1.000  Total number:   1
++++++++++++++++++++++++++++++++++++++++++++++++++++++++++++++++++++++++++++++++

     Dip,Strike,Rake     28.00   181.00   -90.00
     Dip,Strike,Rake     62.00     1.00   -90.00   Auxiliary Plane
     Lower Hem. Trend, Plunge of A,N    271.00    28.00    91.00    62.00
     Lower Hem. Trend, Plunge of P,T    271.00    73.00    91.00    17.00
     B trend, B plunge, Angle:    1.00   0.00 152.00

 P Polarity error at  SK01
 P Polarity weights:  1.00
  Total P polarity weight is  1.000  Total number:   1
++++++++++++++++++++++++++++++++++++++++++++++++++++++++++++++++++++++++++++++++

     Dip,Strike,Rake     27.00   181.00   -90.00
     Dip,Strike,Rake     63.00     1.00   -90.00   Auxiliary Plane
     Lower Hem. Trend, Plunge of A,N    271.00    27.00    91.00    63.00
     Lower Hem. Trend, Plunge of P,T    271.00    72.00    91.00    18.00
     B trend, B plunge, Angle:    1.00   0.00 153.00

 P Polarity error at  SK01
 P Polarity weights:  1.00
  Total P polarity weight is  1.000  Total number:   1
++++++++++++++++++++++++++++++++++++++++++++++++++++++++++++++++++++++++++++++++

     Dip,Strike,Rake     26.00   181.00   -90.00
     Dip,Strike,Rake     64.00     1.00   -90.00   Auxiliary Plane
     Lower Hem. Trend, Plunge of A,N    271.00    26.00    91.00    64.00
     Lower Hem. Trend, Plunge of P,T    271.00    71.00    91.00    19.00
     B trend, B plunge, Angle:    1.00   0.00 154.00

 P Polarity error at  SK01
 P Polarity weights:  1.00
  Total P polarity weight is  1.000  Total number:   1
++++++++++++++++++++++++++++++++++++++++++++++++++++++++++++++++++++++++++++++++

     Dip,Strike,Rake     25.00   181.00   -90.00
     Dip,Strike,Rake     65.00     1.00   -90.00   Auxiliary Plane
     Lower Hem. Trend, Plunge of A,N    271.00    25.00    91.00    65.00
     Lower Hem. Trend, Plunge of P,T    271.00    70.00    91.00    20.00
     B trend, B plunge, Angle:    1.00   0.00 155.00

 P Polarity error at  SK01
 P Polarity weights:  1.00
  Total P polarity weight is  1.000  Total number:   1
++++++++++++++++++++++++++++++++++++++++++++++++++++++++++++++++++++++++++++++++

     Dip,Strike,Rake     24.00   181.00   -90.00
     Dip,Strike,Rake     66.00     1.00   -90.00   Auxiliary Plane
     Lower Hem. Trend, Plunge of A,N    271.00    24.00    91.00    66.00
     Lower Hem. Trend, Plunge of P,T    271.00    69.00    91.00    21.00
     B trend, B plunge, Angle:    1.00   0.00 156.00

 P Polarity error at  SK01
 P Polarity weights:  1.00
  Total P polarity weight is  1.000  Total number:   1
++++++++++++++++++++++++++++++++++++++++++++++++++++++++++++++++++++++++++++++++

     Dip,Strike,Rake     23.00   181.00   -90.00
     Dip,Strike,Rake     67.00     1.00   -90.00   Auxiliary Plane
     Lower Hem. Trend, Plunge of A,N    271.00    23.00    91.00    67.00
     Lower Hem. Trend, Plunge of P,T    271.00    68.00    91.00    22.00
     B trend, B plunge, Angle:    1.00   0.00 157.00

 P Polarity error at  SK01
 P Polarity weights:  1.00
  Total P polarity weight is  1.000  Total number:   1
++++++++++++++++++++++++++++++++++++++++++++++++++++++++++++++++++++++++++++++++

     Dip,Strike,Rake     22.00   181.00   -90.00
     Dip,Strike,Rake     68.00     1.00   -90.00   Auxiliary Plane
     Lower Hem. Trend, Plunge of A,N    271.00    22.00    91.00    68.00
     Lower Hem. Trend, Plunge of P,T    271.00    67.00    91.00    23.00
     B trend, B plunge, Angle:    1.00   0.00 158.00

 P Polarity error at  SK01
 P Polarity weights:  1.00
  Total P polarity weight is  1.000  Total number:   1
++++++++++++++++++++++++++++++++++++++++++++++++++++++++++++++++++++++++++++++++

     Dip,Strike,Rake     21.00   181.00   -90.00
     Dip,Strike,Rake     69.00     1.00   -90.00   Auxiliary Plane
     Lower Hem. Trend, Plunge of A,N    271.00    21.00    91.00    69.00
     Lower Hem. Trend, Plunge of P,T    271.00    66.00    91.00    24.00
     B trend, B plunge, Angle:    1.00   0.00 159.00

 P Polarity error at  SK01
 P Polarity weights:  1.00
  Total P polarity weight is  1.000  Total number:   1
++++++++++++++++++++++++++++++++++++++++++++++++++++++++++++++++++++++++++++++++

     Dip,Strike,Rake     20.00   181.00   -90.00
     Dip,Strike,Rake     70.00     1.00   -90.00   Auxiliary Plane
     Lower Hem. Trend, Plunge of A,N    271.00    20.00    91.00    70.00
     Lower Hem. Trend, Plunge of P,T    271.00    65.00    91.00    25.00
     B trend, B plunge, Angle:    1.00   0.00 160.00

 P Polarity error at  SK01
 P Polarity weights:  1.00
  Total P polarity weight is  1.000  Total number:   1
++++++++++++++++++++++++++++++++++++++++++++++++++++++++++++++++++++++++++++++++

     Dip,Strike,Rake     19.00   181.00   -90.00
     Dip,Strike,Rake     71.00     1.00   -90.00   Auxiliary Plane
     Lower Hem. Trend, Plunge of A,N    271.00    19.00    91.00    71.00
     Lower Hem. Trend, Plunge of P,T    271.00    64.00    91.00    26.00
     B trend, B plunge, Angle:    1.00   0.00 161.00

 P Polarity error at  SK01
 P Polarity weights:  1.00
  Total P polarity weight is  1.000  Total number:   1
++++++++++++++++++++++++++++++++++++++++++++++++++++++++++++++++++++++++++++++++

     Dip,Strike,Rake     18.00   181.00   -90.00
     Dip,Strike,Rake     72.00     1.00   -90.00   Auxiliary Plane
     Lower Hem. Trend, Plunge of A,N    271.00    18.00    91.00    72.00
     Lower Hem. Trend, Plunge of P,T    271.00    63.00    91.00    27.00
     B trend, B plunge, Angle:    1.00   0.00 162.00

 P Polarity error at  SK01
 P Polarity weights:  1.00
  Total P polarity weight is  1.000  Total number:   1
++++++++++++++++++++++++++++++++++++++++++++++++++++++++++++++++++++++++++++++++

     Dip,Strike,Rake     17.00   181.00   -90.00
     Dip,Strike,Rake     73.00     1.00   -90.00   Auxiliary Plane
     Lower Hem. Trend, Plunge of A,N    271.00    17.00    91.00    73.00
     Lower Hem. Trend, Plunge of P,T    271.00    62.00    91.00    28.00
     B trend, B plunge, Angle:    1.00   0.00 163.00

 P Polarity error at  SK01
 P Polarity weights:  1.00
  Total P polarity weight is  1.000  Total number:   1
++++++++++++++++++++++++++++++++++++++++++++++++++++++++++++++++++++++++++++++++

     Dip,Strike,Rake     16.00   181.00   -90.00
     Dip,Strike,Rake     74.00     1.00   -90.00   Auxiliary Plane
     Lower Hem. Trend, Plunge of A,N    271.00    16.00    91.00    74.00
     Lower Hem. Trend, Plunge of P,T    271.00    61.00    91.00    29.00
     B trend, B plunge, Angle:    1.00   0.00 164.00

 P Polarity error at  SK01
 P Polarity weights:  1.00
  Total P polarity weight is  1.000  Total number:   1
++++++++++++++++++++++++++++++++++++++++++++++++++++++++++++++++++++++++++++++++

     Dip,Strike,Rake     15.00   181.00   -90.00
     Dip,Strike,Rake     75.00     1.00   -90.00   Auxiliary Plane
     Lower Hem. Trend, Plunge of A,N    271.00    15.00    91.00    75.00
     Lower Hem. Trend, Plunge of P,T    271.00    60.00     0.00    90.00
     B trend, B plunge, Angle:    1.00   0.00 165.00

 P Polarity error at  SK01
 P Polarity weights:  1.00
  Total P polarity weight is  1.000  Total number:   1
++++++++++++++++++++++++++++++++++++++++++++++++++++++++++++++++++++++++++++++++

     Dip,Strike,Rake     14.00   181.00   -90.00
     Dip,Strike,Rake     76.00     1.00   -90.00   Auxiliary Plane
     Lower Hem. Trend, Plunge of A,N    271.00    14.00    91.00    76.00
     Lower Hem. Trend, Plunge of P,T    271.00    59.00    91.00    31.00
     B trend, B plunge, Angle:    1.00   0.00 166.00

 P Polarity error at  SK01
 P Polarity weights:  1.00
  Total P polarity weight is  1.000  Total number:   1
++++++++++++++++++++++++++++++++++++++++++++++++++++++++++++++++++++++++++++++++

     Dip,Strike,Rake     13.00   181.00   -90.00
     Dip,Strike,Rake     77.00     1.00   -90.00   Auxiliary Plane
     Lower Hem. Trend, Plunge of A,N    271.00    13.00    91.00    77.00
     Lower Hem. Trend, Plunge of P,T    271.00    58.00    91.00    32.00
     B trend, B plunge, Angle:    1.00   0.00 167.00

 P Polarity error at  SK01
 P Polarity weights:  1.00
  Total P polarity weight is  1.000  Total number:   1
++++++++++++++++++++++++++++++++++++++++++++++++++++++++++++++++++++++++++++++++

     Dip,Strike,Rake     12.00   181.00   -90.00
     Dip,Strike,Rake     78.00     1.00   -90.00   Auxiliary Plane
     Lower Hem. Trend, Plunge of A,N    271.00    12.00    91.00    78.00
     Lower Hem. Trend, Plunge of P,T    271.00    57.00    91.00    33.00
     B trend, B plunge, Angle:    1.00   0.00 168.00

 P Polarity error at  SK01
 P Polarity weights:  1.00
  Total P polarity weight is  1.000  Total number:   1
++++++++++++++++++++++++++++++++++++++++++++++++++++++++++++++++++++++++++++++++

     Dip,Strike,Rake     11.00   181.00   -90.00
     Dip,Strike,Rake     79.00     1.00   -90.00   Auxiliary Plane
     Lower Hem. Trend, Plunge of A,N    271.00    11.00    91.00    79.00
     Lower Hem. Trend, Plunge of P,T    271.00    56.00    91.00    34.00
     B trend, B plunge, Angle:    1.00   0.00 169.00

 P Polarity error at  SK01
 P Polarity weights:  1.00
  Total P polarity weight is  1.000  Total number:   1
++++++++++++++++++++++++++++++++++++++++++++++++++++++++++++++++++++++++++++++++

     Dip,Strike,Rake     10.00   181.00   -90.00
     Dip,Strike,Rake     80.00     1.00   -90.00   Auxiliary Plane
     Lower Hem. Trend, Plunge of A,N    271.00    10.00    91.00    80.00
     Lower Hem. Trend, Plunge of P,T    271.00    55.00    91.00    35.00
     B trend, B plunge, Angle:    1.00   0.00 170.00

 P Polarity error at  SK01
 P Polarity weights:  1.00
  Total P polarity weight is  1.000  Total number:   1
++++++++++++++++++++++++++++++++++++++++++++++++++++++++++++++++++++++++++++++++

     Dip,Strike,Rake      9.00   181.00   -90.00
     Dip,Strike,Rake     81.00     1.00   -90.00   Auxiliary Plane
     Lower Hem. Trend, Plunge of A,N    271.00     9.00    91.00    81.00
     Lower Hem. Trend, Plunge of P,T    271.00    54.00    91.00    36.00
     B trend, B plunge, Angle:    1.00   0.00 171.00

 P Polarity error at  SK01
 P Polarity weights:  1.00
  Total P polarity weight is  1.000  Total number:   1
++++++++++++++++++++++++++++++++++++++++++++++++++++++++++++++++++++++++++++++++

     Dip,Strike,Rake      8.00   181.00   -90.00
     Dip,Strike,Rake     82.00     1.00   -90.00   Auxiliary Plane
     Lower Hem. Trend, Plunge of A,N    271.00     8.00    91.00    82.00
     Lower Hem. Trend, Plunge of P,T    271.00    53.00    91.00    37.00
     B trend, B plunge, Angle:    1.00   0.00 172.00

 P Polarity error at  SK01
 P Polarity weights:  1.00
  Total P polarity weight is  1.000  Total number:   1
++++++++++++++++++++++++++++++++++++++++++++++++++++++++++++++++++++++++++++++++

     Dip,Strike,Rake      7.00   181.00   -90.00
     Dip,Strike,Rake     83.00     1.00   -90.00   Auxiliary Plane
     Lower Hem. Trend, Plunge of A,N    271.00     7.00    91.00    83.00
     Lower Hem. Trend, Plunge of P,T    271.00    52.00    91.00    38.00
     B trend, B plunge, Angle:    1.00   0.00 173.00

 P Polarity error at  SK01
 P Polarity weights:  1.00
  Total P polarity weight is  1.000  Total number:   1
++++++++++++++++++++++++++++++++++++++++++++++++++++++++++++++++++++++++++++++++

     Dip,Strike,Rake      6.00   181.00   -90.00
     Dip,Strike,Rake     84.00     1.00   -90.00   Auxiliary Plane
     Lower Hem. Trend, Plunge of A,N    271.00     6.00    91.00    84.00
     Lower Hem. Trend, Plunge of P,T    271.00    51.00    91.00    39.00
     B trend, B plunge, Angle:    1.00   0.00 174.00

 P Polarity error at  SK01
 P Polarity weights:  1.00
  Total P polarity weight is  1.000  Total number:   1
++++++++++++++++++++++++++++++++++++++++++++++++++++++++++++++++++++++++++++++++

     Dip,Strike,Rake      5.00   181.00   -90.00
     Dip,Strike,Rake     85.00     1.00   -90.00   Auxiliary Plane
     Lower Hem. Trend, Plunge of A,N    271.00     5.00    91.00    85.00
     Lower Hem. Trend, Plunge of P,T    271.00    50.00    91.00    40.00
     B trend, B plunge, Angle:    1.00   0.00 175.00

 P Polarity error at  SK01
 P Polarity weights:  1.00
  Total P polarity weight is  1.000  Total number:   1
++++++++++++++++++++++++++++++++++++++++++++++++++++++++++++++++++++++++++++++++

     Dip,Strike,Rake      4.00   181.00   -90.00
     Dip,Strike,Rake     86.00     1.00   -90.00   Auxiliary Plane
     Lower Hem. Trend, Plunge of A,N    271.00     4.00    91.00    86.00
     Lower Hem. Trend, Plunge of P,T    271.00    49.00    91.00    41.00
     B trend, B plunge, Angle:    1.00   0.00 176.00

 P Polarity error at  SK01
 P Polarity weights:  1.00
  Total P polarity weight is  1.000  Total number:   1
++++++++++++++++++++++++++++++++++++++++++++++++++++++++++++++++++++++++++++++++

     Dip,Strike,Rake      3.00   181.00   -90.00
     Dip,Strike,Rake     87.00     1.00   -90.00   Auxiliary Plane
     Lower Hem. Trend, Plunge of A,N    271.00     3.00    91.00    87.00
     Lower Hem. Trend, Plunge of P,T    271.00    48.00    91.00    42.00
     B trend, B plunge, Angle:    1.00   0.00 177.00

 P Polarity error at  SK01
 P Polarity weights:  1.00
  Total P polarity weight is  1.000  Total number:   1
++++++++++++++++++++++++++++++++++++++++++++++++++++++++++++++++++++++++++++++++

     Dip,Strike,Rake      2.00   181.00   -90.00
     Dip,Strike,Rake     88.00     1.00   -90.00   Auxiliary Plane
     Lower Hem. Trend, Plunge of A,N    271.00     2.00    91.00    88.00
     Lower Hem. Trend, Plunge of P,T    271.00    47.00    91.00    43.00
     B trend, B plunge, Angle:    1.00   0.00 178.00

 P Polarity error at  SK01
 P Polarity weights:  1.00
  Total P polarity weight is  1.000  Total number:   1
++++++++++++++++++++++++++++++++++++++++++++++++++++++++++++++++++++++++++++++++

     Dip,Strike,Rake      1.00   181.00   -90.00
     Dip,Strike,Rake     89.00     1.00   -90.00   Auxiliary Plane
     Lower Hem. Trend, Plunge of A,N    271.00     1.00    91.00    89.00
     Lower Hem. Trend, Plunge of P,T    271.00    46.00    91.00    44.00
     B trend, B plunge, Angle:    1.00   0.00 179.00

 P Polarity error at  SK01
 P Polarity weights:  1.00
  Total P polarity weight is  1.000  Total number:   1
++++++++++++++++++++++++++++++++++++++++++++++++++++++++++++++++++++++++++++++++

     Dip,Strike,Rake      0.00   272.00    -0.00
     Dip,Strike,Rake     90.00   182.00    90.00   Auxiliary Plane
     Lower Hem. Trend, Plunge of A,N    272.00     0.00   180.00    90.00
     Lower Hem. Trend, Plunge of P,T    272.00    45.00    92.00    45.00
     B trend, B plunge, Angle:    2.00   0.00   0.00

 P Polarity error at  SK01
 P Polarity weights:  1.00
  Total P polarity weight is  1.000  Total number:   1
++++++++++++++++++++++++++++++++++++++++++++++++++++++++++++++++++++++++++++++++

     Dip,Strike,Rake      1.00     2.00    90.00
     Dip,Strike,Rake     89.00   182.00    90.00   Auxiliary Plane
     Lower Hem. Trend, Plunge of A,N     92.00     1.00   272.00    89.00
     Lower Hem. Trend, Plunge of P,T    272.00    44.00    92.00    46.00
     B trend, B plunge, Angle:    2.00   0.00   1.00

 P Polarity error at  SK01
 P Polarity weights:  1.00
  Total P polarity weight is  1.000  Total number:   1
++++++++++++++++++++++++++++++++++++++++++++++++++++++++++++++++++++++++++++++++

     Dip,Strike,Rake      2.00     2.00    90.00
     Dip,Strike,Rake     88.00   182.00    90.00   Auxiliary Plane
     Lower Hem. Trend, Plunge of A,N     92.00     2.00   272.00    88.00
     Lower Hem. Trend, Plunge of P,T    272.00    43.00    92.00    47.00
     B trend, B plunge, Angle:    2.00   0.00   2.00

 P Polarity error at  SK01
 P Polarity weights:  1.00
  Total P polarity weight is  1.000  Total number:   1
++++++++++++++++++++++++++++++++++++++++++++++++++++++++++++++++++++++++++++++++

     Dip,Strike,Rake      3.00     2.00    90.00
     Dip,Strike,Rake     87.00   182.00    90.00   Auxiliary Plane
     Lower Hem. Trend, Plunge of A,N     92.00     3.00   272.00    87.00
     Lower Hem. Trend, Plunge of P,T    272.00    42.00    92.00    48.00
     B trend, B plunge, Angle:    2.00   0.00   3.00

 P Polarity error at  SK01
 P Polarity weights:  1.00
  Total P polarity weight is  1.000  Total number:   1
++++++++++++++++++++++++++++++++++++++++++++++++++++++++++++++++++++++++++++++++

     Dip,Strike,Rake      4.00     2.00    90.00
     Dip,Strike,Rake     86.00   182.00    90.00   Auxiliary Plane
     Lower Hem. Trend, Plunge of A,N     92.00     4.00   272.00    86.00
     Lower Hem. Trend, Plunge of P,T    272.00    41.00    92.00    49.00
     B trend, B plunge, Angle:    2.00   0.00   4.00

 P Polarity error at  SK01
 P Polarity weights:  1.00
  Total P polarity weight is  1.000  Total number:   1
++++++++++++++++++++++++++++++++++++++++++++++++++++++++++++++++++++++++++++++++

     Dip,Strike,Rake      5.00     2.00    90.00
     Dip,Strike,Rake     85.00   182.00    90.00   Auxiliary Plane
     Lower Hem. Trend, Plunge of A,N     92.00     5.00   272.00    85.00
     Lower Hem. Trend, Plunge of P,T    272.00    40.00    92.00    50.00
     B trend, B plunge, Angle:    2.00   0.00   5.00

 P Polarity error at  SK01
 P Polarity weights:  1.00
  Total P polarity weight is  1.000  Total number:   1
++++++++++++++++++++++++++++++++++++++++++++++++++++++++++++++++++++++++++++++++

     Dip,Strike,Rake      6.00     2.00    90.00
     Dip,Strike,Rake     84.00   182.00    90.00   Auxiliary Plane
     Lower Hem. Trend, Plunge of A,N     92.00     6.00   272.00    84.00
     Lower Hem. Trend, Plunge of P,T    272.00    39.00    92.00    51.00
     B trend, B plunge, Angle:    2.00   0.00   6.00

 P Polarity error at  SK01
 P Polarity weights:  1.00
  Total P polarity weight is  1.000  Total number:   1
++++++++++++++++++++++++++++++++++++++++++++++++++++++++++++++++++++++++++++++++

     Dip,Strike,Rake     32.00   182.00   -90.00
     Dip,Strike,Rake     58.00     2.00   -90.00   Auxiliary Plane
     Lower Hem. Trend, Plunge of A,N    272.00    32.00    92.00    58.00
     Lower Hem. Trend, Plunge of P,T    272.00    77.00    92.00    13.00
     B trend, B plunge, Angle:    2.00   0.00 148.00

 P Polarity error at  SK01
 P Polarity weights:  1.00
  Total P polarity weight is  1.000  Total number:   1
++++++++++++++++++++++++++++++++++++++++++++++++++++++++++++++++++++++++++++++++

     Dip,Strike,Rake     31.00   182.00   -90.00
     Dip,Strike,Rake     59.00     2.00   -90.00   Auxiliary Plane
     Lower Hem. Trend, Plunge of A,N    272.00    31.00    92.00    59.00
     Lower Hem. Trend, Plunge of P,T    272.00    76.00    92.00    14.00
     B trend, B plunge, Angle:    2.00   0.00 149.00

 P Polarity error at  SK01
 P Polarity weights:  1.00
  Total P polarity weight is  1.000  Total number:   1
++++++++++++++++++++++++++++++++++++++++++++++++++++++++++++++++++++++++++++++++

     Dip,Strike,Rake     30.00   182.00   -90.00
     Dip,Strike,Rake     60.00     2.00   -90.00   Auxiliary Plane
     Lower Hem. Trend, Plunge of A,N    272.00    30.00    92.00    60.00
     Lower Hem. Trend, Plunge of P,T    272.00    75.00    92.00    15.00
     B trend, B plunge, Angle:    2.00   0.00 150.00

 P Polarity error at  SK01
 P Polarity weights:  1.00
  Total P polarity weight is  1.000  Total number:   1
++++++++++++++++++++++++++++++++++++++++++++++++++++++++++++++++++++++++++++++++

     Dip,Strike,Rake     29.00   182.00   -90.00
     Dip,Strike,Rake     61.00     2.00   -90.00   Auxiliary Plane
     Lower Hem. Trend, Plunge of A,N    272.00    29.00    92.00    61.00
     Lower Hem. Trend, Plunge of P,T    272.00    74.00    92.00    16.00
     B trend, B plunge, Angle:    2.00   0.00 151.00

 P Polarity error at  SK01
 P Polarity weights:  1.00
  Total P polarity weight is  1.000  Total number:   1
++++++++++++++++++++++++++++++++++++++++++++++++++++++++++++++++++++++++++++++++

     Dip,Strike,Rake     28.00   182.00   -90.00
     Dip,Strike,Rake     62.00     2.00   -90.00   Auxiliary Plane
     Lower Hem. Trend, Plunge of A,N    272.00    28.00    92.00    62.00
     Lower Hem. Trend, Plunge of P,T    272.00    73.00    92.00    17.00
     B trend, B plunge, Angle:    2.00   0.00 152.00

 P Polarity error at  SK01
 P Polarity weights:  1.00
  Total P polarity weight is  1.000  Total number:   1
++++++++++++++++++++++++++++++++++++++++++++++++++++++++++++++++++++++++++++++++

     Dip,Strike,Rake     27.00   182.00   -90.00
     Dip,Strike,Rake     63.00     2.00   -90.00   Auxiliary Plane
     Lower Hem. Trend, Plunge of A,N    272.00    27.00    92.00    63.00
     Lower Hem. Trend, Plunge of P,T    272.00    72.00    92.00    18.00
     B trend, B plunge, Angle:    2.00   0.00 153.00

 P Polarity error at  SK01
 P Polarity weights:  1.00
  Total P polarity weight is  1.000  Total number:   1
++++++++++++++++++++++++++++++++++++++++++++++++++++++++++++++++++++++++++++++++

     Dip,Strike,Rake     26.00   182.00   -90.00
     Dip,Strike,Rake     64.00     2.00   -90.00   Auxiliary Plane
     Lower Hem. Trend, Plunge of A,N    272.00    26.00    92.00    64.00
     Lower Hem. Trend, Plunge of P,T    272.00    71.00    92.00    19.00
     B trend, B plunge, Angle:    2.00   0.00 154.00

 P Polarity error at  SK01
 P Polarity weights:  1.00
  Total P polarity weight is  1.000  Total number:   1
++++++++++++++++++++++++++++++++++++++++++++++++++++++++++++++++++++++++++++++++

     Dip,Strike,Rake     25.00   182.00   -90.00
     Dip,Strike,Rake     65.00     2.00   -90.00   Auxiliary Plane
     Lower Hem. Trend, Plunge of A,N    272.00    25.00    92.00    65.00
     Lower Hem. Trend, Plunge of P,T    272.00    70.00    92.00    20.00
     B trend, B plunge, Angle:    2.00   0.00 155.00

 P Polarity error at  SK01
 P Polarity weights:  1.00
  Total P polarity weight is  1.000  Total number:   1
++++++++++++++++++++++++++++++++++++++++++++++++++++++++++++++++++++++++++++++++

     Dip,Strike,Rake     24.00   182.00   -90.00
     Dip,Strike,Rake     66.00     2.00   -90.00   Auxiliary Plane
     Lower Hem. Trend, Plunge of A,N    272.00    24.00    92.00    66.00
     Lower Hem. Trend, Plunge of P,T    272.00    69.00    92.00    21.00
     B trend, B plunge, Angle:    2.00   0.00 156.00

 P Polarity error at  SK01
 P Polarity weights:  1.00
  Total P polarity weight is  1.000  Total number:   1
++++++++++++++++++++++++++++++++++++++++++++++++++++++++++++++++++++++++++++++++

     Dip,Strike,Rake     23.00   182.00   -90.00
     Dip,Strike,Rake     67.00     2.00   -90.00   Auxiliary Plane
     Lower Hem. Trend, Plunge of A,N    272.00    23.00    92.00    67.00
     Lower Hem. Trend, Plunge of P,T    272.00    68.00    92.00    22.00
     B trend, B plunge, Angle:    2.00   0.00 157.00

 P Polarity error at  SK01
 P Polarity weights:  1.00
  Total P polarity weight is  1.000  Total number:   1
++++++++++++++++++++++++++++++++++++++++++++++++++++++++++++++++++++++++++++++++

     Dip,Strike,Rake     22.00   182.00   -90.00
     Dip,Strike,Rake     68.00     2.00   -90.00   Auxiliary Plane
     Lower Hem. Trend, Plunge of A,N    272.00    22.00    92.00    68.00
     Lower Hem. Trend, Plunge of P,T    272.00    67.00    92.00    23.00
     B trend, B plunge, Angle:    2.00   0.00 158.00

 P Polarity error at  SK01
 P Polarity weights:  1.00
  Total P polarity weight is  1.000  Total number:   1
++++++++++++++++++++++++++++++++++++++++++++++++++++++++++++++++++++++++++++++++

     Dip,Strike,Rake     21.00   182.00   -90.00
     Dip,Strike,Rake     69.00     2.00   -90.00   Auxiliary Plane
     Lower Hem. Trend, Plunge of A,N    272.00    21.00    92.00    69.00
     Lower Hem. Trend, Plunge of P,T    272.00    66.00    92.00    24.00
     B trend, B plunge, Angle:    2.00   0.00 159.00

 P Polarity error at  SK01
 P Polarity weights:  1.00
  Total P polarity weight is  1.000  Total number:   1
++++++++++++++++++++++++++++++++++++++++++++++++++++++++++++++++++++++++++++++++

     Dip,Strike,Rake     20.00   182.00   -90.00
     Dip,Strike,Rake     70.00     2.00   -90.00   Auxiliary Plane
     Lower Hem. Trend, Plunge of A,N    272.00    20.00    92.00    70.00
     Lower Hem. Trend, Plunge of P,T    272.00    65.00    92.00    25.00
     B trend, B plunge, Angle:    2.00   0.00 160.00

 P Polarity error at  SK01
 P Polarity weights:  1.00
  Total P polarity weight is  1.000  Total number:   1
++++++++++++++++++++++++++++++++++++++++++++++++++++++++++++++++++++++++++++++++

     Dip,Strike,Rake     19.00   182.00   -90.00
     Dip,Strike,Rake     71.00     2.00   -90.00   Auxiliary Plane
     Lower Hem. Trend, Plunge of A,N    272.00    19.00    92.00    71.00
     Lower Hem. Trend, Plunge of P,T    272.00    64.00    92.00    26.00
     B trend, B plunge, Angle:    2.00   0.00 161.00

 P Polarity error at  SK01
 P Polarity weights:  1.00
  Total P polarity weight is  1.000  Total number:   1
++++++++++++++++++++++++++++++++++++++++++++++++++++++++++++++++++++++++++++++++

     Dip,Strike,Rake     18.00   182.00   -90.00
     Dip,Strike,Rake     72.00     2.00   -90.00   Auxiliary Plane
     Lower Hem. Trend, Plunge of A,N    272.00    18.00    92.00    72.00
     Lower Hem. Trend, Plunge of P,T    272.00    63.00    92.00    27.00
     B trend, B plunge, Angle:    2.00   0.00 162.00

 P Polarity error at  SK01
 P Polarity weights:  1.00
  Total P polarity weight is  1.000  Total number:   1
++++++++++++++++++++++++++++++++++++++++++++++++++++++++++++++++++++++++++++++++

     Dip,Strike,Rake     17.00   182.00   -90.00
     Dip,Strike,Rake     73.00     2.00   -90.00   Auxiliary Plane
     Lower Hem. Trend, Plunge of A,N    272.00    17.00    92.00    73.00
     Lower Hem. Trend, Plunge of P,T    272.00    62.00    92.00    28.00
     B trend, B plunge, Angle:    2.00   0.00 163.00

 P Polarity error at  SK01
 P Polarity weights:  1.00
  Total P polarity weight is  1.000  Total number:   1
++++++++++++++++++++++++++++++++++++++++++++++++++++++++++++++++++++++++++++++++

     Dip,Strike,Rake     16.00   182.00   -90.00
     Dip,Strike,Rake     74.00     2.00   -90.00   Auxiliary Plane
     Lower Hem. Trend, Plunge of A,N    272.00    16.00    92.00    74.00
     Lower Hem. Trend, Plunge of P,T    272.00    61.00    92.00    29.00
     B trend, B plunge, Angle:    2.00   0.00 164.00

 P Polarity error at  SK01
 P Polarity weights:  1.00
  Total P polarity weight is  1.000  Total number:   1
++++++++++++++++++++++++++++++++++++++++++++++++++++++++++++++++++++++++++++++++

     Dip,Strike,Rake     15.00   182.00   -90.00
     Dip,Strike,Rake     75.00     2.00   -90.00   Auxiliary Plane
     Lower Hem. Trend, Plunge of A,N    272.00    15.00    92.00    75.00
     Lower Hem. Trend, Plunge of P,T    272.00    60.00     0.00    90.00
     B trend, B plunge, Angle:    2.00   0.00 165.00

 P Polarity error at  SK01
 P Polarity weights:  1.00
  Total P polarity weight is  1.000  Total number:   1
++++++++++++++++++++++++++++++++++++++++++++++++++++++++++++++++++++++++++++++++

 Reached chosen maximum of  100 solutions

 There are 100 acceptable solutions
